// Jest Snapshot v1, https://goo.gl/fbAQLP

exports[`Toolbar should render without crashing 1`] = `
ShallowWrapper {
  "length": 1,
  Symbol(enzyme.__root__): [Circular],
  Symbol(enzyme.__unrendered__): <ToolBar
    createIdea={[Function]}
/>,
  Symbol(enzyme.__renderer__): Object {
    "batchedUpdates": [Function],
    "getNode": [Function],
    "render": [Function],
    "simulateEvent": [Function],
    "unmount": [Function],
  },
  Symbol(enzyme.__node__): Object {
    "instance": null,
    "key": undefined,
    "nodeType": "host",
    "props": Object {
      "children": Array [
        <button
          id="new-idea-btn"
          onClick={undefined}
>
          New Idea
</button>,
        <span>
          Sort ideas by:
          <input
                    type="select"
          >
                    <option
                              value="created"
                    >
                              Date created
                    </option>
          </input>
</span>,
        <span>
          All changes saved
</span>,
      ],
    },
    "ref": null,
    "rendered": Array [
      Object {
        "instance": null,
        "key": undefined,
        "nodeType": "host",
        "props": Object {
          "children": "New Idea",
          "id": "new-idea-btn",
          "onClick": undefined,
        },
        "ref": null,
        "rendered": "New Idea",
        "type": "button",
      },
      Object {
        "instance": null,
        "key": undefined,
        "nodeType": "host",
        "props": Object {
          "children": Array [
            "Sort ideas by:",
            <input
              type="select"
>
              <option
                            value="created"
              >
                            Date created
              </option>
</input>,
          ],
        },
        "ref": null,
        "rendered": Array [
          "Sort ideas by:",
          Object {
            "instance": null,
            "key": undefined,
            "nodeType": "host",
            "props": Object {
              "children": <option
                value="created"
>
                Date created
</option>,
              "type": "select",
            },
            "ref": null,
            "rendered": Object {
              "instance": null,
              "key": undefined,
              "nodeType": "host",
              "props": Object {
                "children": "Date created",
                "value": "created",
              },
              "ref": null,
              "rendered": "Date created",
              "type": "option",
            },
            "type": "input",
          },
        ],
        "type": "span",
      },
      Object {
        "instance": null,
        "key": undefined,
        "nodeType": "host",
        "props": Object {
          "children": "All changes saved",
        },
        "ref": null,
        "rendered": "All changes saved",
        "type": "span",
      },
    ],
    "type": "div",
  },
  Symbol(enzyme.__nodes__): Array [
    Object {
      "instance": null,
      "key": undefined,
      "nodeType": "host",
      "props": Object {
        "children": Array [
          <button
            id="new-idea-btn"
            onClick={undefined}
>
            New Idea
</button>,
          <span>
            Sort ideas by:
            <input
                        type="select"
            >
                        <option
                                    value="created"
                        >
                                    Date created
                        </option>
            </input>
</span>,
          <span>
            All changes saved
</span>,
        ],
      },
      "ref": null,
      "rendered": Array [
        Object {
          "instance": null,
          "key": undefined,
          "nodeType": "host",
          "props": Object {
            "children": "New Idea",
            "id": "new-idea-btn",
            "onClick": undefined,
          },
          "ref": null,
          "rendered": "New Idea",
          "type": "button",
        },
        Object {
          "instance": null,
          "key": undefined,
          "nodeType": "host",
          "props": Object {
            "children": Array [
              "Sort ideas by:",
              <input
                type="select"
>
                <option
                                value="created"
                >
                                Date created
                </option>
</input>,
            ],
          },
          "ref": null,
          "rendered": Array [
            "Sort ideas by:",
            Object {
              "instance": null,
              "key": undefined,
              "nodeType": "host",
              "props": Object {
                "children": <option
                  value="created"
>
                  Date created
</option>,
                "type": "select",
              },
              "ref": null,
              "rendered": Object {
                "instance": null,
                "key": undefined,
                "nodeType": "host",
                "props": Object {
                  "children": "Date created",
                  "value": "created",
                },
                "ref": null,
                "rendered": "Date created",
                "type": "option",
              },
              "type": "input",
            },
          ],
          "type": "span",
        },
        Object {
          "instance": null,
          "key": undefined,
          "nodeType": "host",
          "props": Object {
            "children": "All changes saved",
          },
          "ref": null,
          "rendered": "All changes saved",
          "type": "span",
        },
      ],
      "type": "div",
    },
  ],
  Symbol(enzyme.__options__): Object {
    "adapter": ReactSixteenAdapter {
      "options": Object {
        "enableComponentDidUpdateOnSetState": true,
      },
    },
  },
}
`;
